// Jest Snapshot v1, https://goo.gl/fbAQLP

exports[`Shop page snapshot 1`] = `
<div>
  <div
    class="shoppage--wrapper"
  >
    <div
      class="itemcard--wrapper"
    >
      <span
        class="itemcard--name"
      >
        Name: 
        <p>
          CD player
        </p>
      </span>
      <label
        class="itemcard--quantity"
      >
        Quantity:
        <input
          id="quantity"
          min="1"
          name="quantity"
          type="number"
          value="1"
        />
      </label>
      <button
        class="itemcard--button"
      >
        Add to cart
      </button>
    </div>
    <div
      class="itemcard--wrapper"
    >
      <span
        class="itemcard--name"
      >
        Name: 
        <p>
          Mystery box
        </p>
      </span>
      <label
        class="itemcard--quantity"
      >
        Quantity:
        <input
          id="quantity"
          min="1"
          name="quantity"
          type="number"
          value="1"
        />
      </label>
      <button
        class="itemcard--button"
      >
        Add to cart
      </button>
    </div>
    <div
      class="itemcard--wrapper"
    >
      <span
        class="itemcard--name"
      >
        Name: 
        <p>
          Book
        </p>
      </span>
      <label
        class="itemcard--quantity"
      >
        Quantity:
        <input
          id="quantity"
          min="1"
          name="quantity"
          type="number"
          value="1"
        />
      </label>
      <button
        class="itemcard--button"
      >
        Add to cart
      </button>
    </div>
    <div
      class="itemcard--wrapper"
    >
      <span
        class="itemcard--name"
      >
        Name: 
        <p>
          Xbox
        </p>
      </span>
      <label
        class="itemcard--quantity"
      >
        Quantity:
        <input
          id="quantity"
          min="1"
          name="quantity"
          type="number"
          value="1"
        />
      </label>
      <button
        class="itemcard--button"
      >
        Add to cart
      </button>
    </div>
    <div
      class="itemcard--wrapper"
    >
      <span
        class="itemcard--name"
      >
        Name: 
        <p>
          Bed
        </p>
      </span>
      <label
        class="itemcard--quantity"
      >
        Quantity:
        <input
          id="quantity"
          min="1"
          name="quantity"
          type="number"
          value="1"
        />
      </label>
      <button
        class="itemcard--button"
      >
        Add to cart
      </button>
    </div>
    <div
      class="itemcard--wrapper"
    >
      <span
        class="itemcard--name"
      >
        Name: 
        <p>
          Plant
        </p>
      </span>
      <label
        class="itemcard--quantity"
      >
        Quantity:
        <input
          id="quantity"
          min="1"
          name="quantity"
          type="number"
          value="1"
        />
      </label>
      <button
        class="itemcard--button"
      >
        Add to cart
      </button>
    </div>
  </div>
</div>
`;
